// Jest Snapshot v1, https://goo.gl/fbAQLP

exports[`EuiControlBar is rendered 1`] = `
<div
  aria-label="aria-label"
  class="euiControlBar testClass1 testClass2"
  data-test-subj="test subject string"
>
  <div
    class="euiControlBar__controls"
  >
    <button
      aria-label="Control Bar - Sound the Alarm"
      class="euiButton euiButton--ghost euiControlBar__euiButton null"
      data-test-subj="Sound the Alarm"
      type="button"
    >
      <span
        class="euiButton__content"
      >
        <span
          class="euiButton__text"
        >
          <div
            class="euiText euiText--small"
          >
            Sound the Alarm
          </div>
        </span>
      </span>
    </button>
    <button
      aria-label="Control Bar - Close the Hatch"
      class="euiButton euiButton--ghost euiControlBar__euiButton null"
      data-test-subj="Close the Hatch"
      type="button"
    >
      <span
        class="euiButton__content"
      >
        <span
          class="euiButton__text"
        >
          <div
            class="euiText euiText--small"
          >
            Close the Hatch
          </div>
        </span>
      </span>
    </button>
  </div>
</div>
`;
